Munteanu Gabriel 5.00
Moldovan Marian 0.00
Becali Ioana 5.61
Barbu Maria 0.00
Mihoc Iulian 2.98
Terzea Tiberiu 3.06
Merei Larisa 4.32
Encea Andrei 1.46
Gheorghita Adriana 0.00
Roman Razvan 0.12
Petre Sorina 0.42
Mihoc Larisa 0.00
Pancila Izabela 0.00
Pogoran Ciprian 0.00
Timu Tiberiu 0.13
Encea Raluca 0.47
Riga Victor 0.00
Stan Diana 0.00
Becali Bianca 0.00
Lupu Elena 0.09
Popescu Vlad 0.38
Stoica Mihai 0.00
Encea Cristina 0.00
Elena Denisa 0.00
Stan Ioana 0.18
Terzea Razvan 0.41
Ionescu Gabriel 0.00
Ionescu Ioana 0.00
Rebej Adriana 0.00
Gheorghita Ana 0.12
Dumitru Izabela 0.32
Popescu Ciprian 0.00
Timofte Bianca 0.00
Mihoc Ioana 0.00
Lupu Dragos 0.11
Georgescu Raluca 0.32
Mihoc Adriana 0.00
Petic Raluca 0.00
Rebej Stefan 0.00
Ionescu Adriana 0.18
Dumitru Adriana 0.82
Constantin Tiberiu 0.00
Stan Ioana 0.00
Stan Adrian 0.00
Georgescu Florentina 0.16
Roman Nicoleta 1.30
Popescu Dragos 0.00
Mihalt Larisa 0.00
Sandu Gabriel 0.00
Constantin Andrei 0.17
Constantin Denisa 0.57
Iliescu Tiberiu 0.00
Ciobanu Teodor 0.00
Becali Nicoleta 0.00
Ionescu Mihai 0.19
Grigore Razvan 4.46
Pirvan Sorina 0.00
Tudor Sorina 0.00
Terzea Marian 0.00
Mihalt Cristina 0.13
Antonescu Andrei 1.03
Mihalt Bianca 0.00
Grigore Elena 0.00
Ionescu Sorina 0.00
Radu Florentina 0.15
Tudor Sorina 1.54
Pancila Adriana 0.00
Tudor Stefan 0.00
Georgescu Alina 0.00
Dragan Cristina 0.15
Iliescu Victor 1.80
Stan Bianca 0.00
Pancila Dragos 0.00
Pirvan Victor 0.00
Roman Daniela 0.15
Moldovan Bianca 0.44
Merei Gabriel 0.00
Timu Razvan 0.00
Radu Gabriel 0.00
Roata Teodor 0.12
Iliescu Alina 0.32
Petre Daniela 0.00
Ciobanu Nicoleta 0.00
Petre Izabela 0.00
Moldovan Tiberiu 0.11
Timu Dragos 0.54
Sandu Andrei 0.00
Gheorghita Maria 0.00
Riga Maria 0.00
Sandu Diana 0.09
Petrescu Alina 0.68
Encea Vlad 0.00
Trandaf Ana 0.00
Petre Tiberiu 0.00
Ionescu Maria 0.16
Stoica Teodor 0.74
Trandaf Vlad 0.00
Grigore Vlad 0.00
Nicolescu Ana 0.00
Rebej Razvan 0.14
