0 USO Becali Elena
1 PCLP1 Timu Ana
2 SDA Pogoran Elena
3 Fizica Grigore Bianca
4 SO Roman Alina
5 Analiza Pancila Iulian
6 MN Petic Tiberiu
7 EGC Ionescu Gabriel
8 Algebra Lupu Ciprian
9 PL Gheorghita Maria
10 POO Rebej Adriana
11 RC Munteanu Larisa
12 IA Pogoran Teodor
13 BD Pancila Daniela
14 ASC Dinu Ana
15 CN Roata Tiberiu
16 MDS Popescu Sorina
17 PC Dumitru Teodor
18 SGBD Stoica Adrian
19 PS Becali Marian
20 ISC Pogoran Adriana
