0 Munteanu Gabriel 1 b 2.50
1 Moldovan Marian 3 b 8.10
2 Becali Ioana 2 b 2.80
3 Barbu Maria 3 b 4.11
4 Mihoc Iulian 1 t 2.98
5 Terzea Tiberiu 3 b 3.06
6 Merei Larisa 2 b 4.32
7 Encea Andrei 2 b 1.46
8 Gheorghita Adriana 3 b 1.57
9 Roman Razvan 4 b 2.73
10 Petre Sorina 3 b 5.89
11 Mihoc Larisa 4 b 1.14
12 Pancila Izabela 4 b 2.86
13 Pogoran Ciprian 4 b 2.94
14 Timu Tiberiu 4 b 5.44
15 Encea Raluca 2 b 4.47
16 Riga Victor 3 b 3.35
17 Stan Diana 3 b 5.74
18 Becali Bianca 3 b 8.24
19 Lupu Elena 3 b 4.09
20 Popescu Vlad 1 t 1.76
21 Stoica Mihai 3 b 2.83
22 Encea Cristina 2 b 5.12
23 Elena Denisa 1 b 2.06
24 Stan Ioana 1 b 2.77
25 Terzea Razvan 2 b 2.16
26 Ionescu Gabriel 1 t 2.54
27 Ionescu Ioana 1 b 6.15
28 Rebej Adriana 2 b 4.22
29 Gheorghita Ana 4 b 2.80
30 Dumitru Izabela 2 t 1.50
31 Popescu Ciprian 1 b 9.11
32 Timofte Bianca 1 b 2.30
33 Mihoc Ioana 3 b 7.03
34 Lupu Dragos 4 b 1.83
35 Georgescu Raluca 1 t 2.27
36 Mihoc Adriana 4 b 4.60
37 Petic Raluca 2 b 2.78
38 Rebej Stefan 4 b 4.02
39 Ionescu Adriana 1 b 8.41
40 Dumitru Adriana 2 b 9.02
41 Constantin Tiberiu 2 b 6.22
42 Stan Ioana 2 b 2.25
43 Stan Adrian 1 b 3.10
44 Georgescu Florentina 3 b 7.48
45 Roman Nicoleta 3 b 5.21
46 Popescu Dragos 1 b 1.62
47 Mihalt Larisa 1 b 2.00
48 Sandu Gabriel 2 t 5.62
49 Constantin Andrei 2 b 4.18
50 Constantin Denisa 1 b 4.52
51 Iliescu Tiberiu 4 b 3.72
52 Ciobanu Teodor 2 b 3.32
53 Becali Nicoleta 4 b 1.95
54 Ionescu Mihai 4 b 9.00
55 Grigore Razvan 1 b 8.92
56 Pirvan Sorina 1 b 8.48
57 Tudor Sorina 3 b 2.81
58 Terzea Marian 1 b 1.87
59 Mihalt Cristina 1 b 6.07
60 Antonescu Andrei 4 t 4.11
61 Mihalt Bianca 4 b 6.21
62 Grigore Elena 1 b 1.59
63 Ionescu Sorina 3 b 3.12
64 Radu Florentina 4 b 7.38
65 Tudor Sorina 4 b 3.08
66 Pancila Adriana 3 b 1.99
67 Tudor Stefan 1 t 3.29
68 Georgescu Alina 4 b 4.05
69 Dragan Cristina 1 b 7.39
70 Iliescu Victor 1 b 3.60
71 Stan Bianca 3 b 2.77
72 Pancila Dragos 3 b 7.35
73 Pirvan Victor 4 b 3.06
74 Roman Daniela 4 b 7.37
75 Moldovan Bianca 3 b 7.10
76 Merei Gabriel 1 t 2.99
77 Timu Razvan 2 b 3.23
78 Radu Gabriel 1 b 1.96
79 Roata Teodor 2 b 6.03
80 Iliescu Alina 4 b 4.73
81 Petre Daniela 1 b 2.11
82 Ciobanu Nicoleta 1 b 1.81
83 Petre Izabela 3 b 4.07
84 Moldovan Tiberiu 2 b 2.89
85 Timu Dragos 4 b 1.63
86 Sandu Andrei 4 b 6.79
87 Gheorghita Maria 1 b 2.96
88 Riga Maria 3 b 2.22
89 Sandu Diana 4 b 4.89
90 Petrescu Alina 1 b 2.27
91 Encea Vlad 4 b 1.84
92 Trandaf Ana 3 b 1.71
93 Petre Tiberiu 2 t 3.16
94 Ionescu Maria 2 b 2.92
95 Stoica Teodor 2 t 1.48
96 Trandaf Vlad 3 b 3.54
97 Grigore Vlad 4 b 2.62
98 Nicolescu Ana 4 b 7.06
99 Rebej Razvan 4 b 3.75
