0 Nicolescu Elena 3 2.47 t
1 Pogoran Adrian 4 2.84 b
2 Trandaf Denisa 1 1.18 b
3 Ionescu Teodor 4 1.69 b
4 Popescu Adrian 3 7.74 b
5 Encea Cristina 3 2.48 t
6 Ionescu Andrei 1 1.25 b
7 Roman Denisa 4 1.88 b
8 Ionescu Florentina 4 1.98 b
9 Petrescu Florentina 3 2.99 b
0 7
0 6
0 4
1 8
2 8
2 0
2 3
3 1
3 8
3 6
4 4
5 8
5 6
5 4
6 7
6 2
6 6
7 1
7 6
7 4
8 6
8 1
8 4
9 8
9 4
