0 USO Roman Florentina
1 PCLP1 Pancila Daniela
2 SDA Ionescu Diana
3 Fizica Petrescu Cristina
4 SO Gheorghita Daniela
5 Analiza Tudor Alina
6 MN Sandu Nicoleta
7 EGC Petic Vlad
8 Algebra Sarbu Daniela
