0 Nicolescu Elena 3 t 2.47
1 Pogoran Adrian 4 b 2.84
2 Trandaf Denisa 1 b 1.18
3 Ionescu Teodor 4 b 1.69
4 Popescu Adrian 3 b 7.74
5 Encea Cristina 3 t 2.48
6 Ionescu Andrei 1 b 1.25
7 Roman Denisa 4 b 1.88
8 Ionescu Florentina 4 b 1.98
9 Petrescu Florentina 3 b 2.99
