Nicolescu Elena 2.47
Pogoran Adrian 2.84
Trandaf Denisa 1.18
Ionescu Teodor 1.69
Popescu Adrian 7.74
Encea Cristina 2.48
Ionescu Andrei 1.25
Roman Denisa 1.88
Ionescu Florentina 1.98
Petrescu Florentina 2.99
